
> react-kavia@0.1.0 start
> react-scripts start

Attempting to bind to HOST environment variable: 0.0.0.0
If this was unintentional, check that you haven't mistakenly set it in your shell.
Learn more here: https://cra.link/advanced-config

(node:2801) [DEP_WEBPACK_DEV_SERVER_ON_AFTER_SETUP_MIDDLEWARE] DeprecationWarning: 'onAfterSetupMiddleware' option is deprecated. Please use the 'setupMiddlewares' option.
(Use `node --trace-deprecation ...` to show where the warning was created)
(node:2801) [DEP_WEBPACK_DEV_SERVER_ON_BEFORE_SETUP_MIDDLEWARE] DeprecationWarning: 'onBeforeSetupMiddleware' option is deprecated. Please use the 'setupMiddlewares' option.
Starting the development server...

Compiled with warnings.

[eslint] 
src/App.js
  Line 41:10:   'lastMove' is assigned a value but never used                                             no-unused-vars
  Line 149:23:  Function declared in a loop contains unsafe references to variable(s) 'placed', 'placed'  no-loop-func

Search for the keywords to learn more about each warning.
To ignore, add // eslint-disable-next-line to the line before.

WARNING in [eslint] 
src/App.js
  Line 41:10:   'lastMove' is assigned a value but never used                                             no-unused-vars
  Line 149:23:  Function declared in a loop contains unsafe references to variable(s) 'placed', 'placed'  no-loop-func

webpack compiled with 1 warning
Compiling...
Failed to compile.

[eslint] 
src/App.js
  Line 88:7:    'setPendingDir' is not defined  no-undef
  Line 107:19:  'pendingDir' is not defined     no-undef
  Line 107:42:  'pendingDir' is not defined     no-undef
  Line 107:64:  'pendingDir' is not defined     no-undef
  Line 109:5:   'setPendingDir' is not defined  no-undef
  Line 162:19:  'pendingDir' is not defined     no-undef
  Line 173:5:   'setPendingDir' is not defined  no-undef
  Line 189:5:   'setPendingDir' is not defined  no-undef

Search for the keywords to learn more about each error.
WARNING in [eslint] 
src/App.js
  Line 36:10:   'dirQueue' is assigned a value but never used                                                                                                                                                                                               no-unused-vars
  Line 36:20:   'setDirQueue' is assigned a value but never used                                                                                                                                                                                            no-unused-vars
  Line 42:10:   'lastMove' is assigned a value but never used                                                                                                                                                                                               no-unused-vars
  Line 150:23:  Function declared in a loop contains unsafe references to variable(s) 'placed', 'placed'                                                                                                                                                    no-loop-func
  Line 162:6:   React Hook useCallback has an unnecessary dependency: 'pendingDir'. Either exclude it or remove the dependency array. Outer scope values like 'pendingDir' aren't valid dependencies because mutating them doesn't re-render the component  react-hooks/exhaustive-deps

ERROR in [eslint] 
src/App.js
  Line 88:7:    'setPendingDir' is not defined  no-undef
  Line 107:19:  'pendingDir' is not defined     no-undef
  Line 107:42:  'pendingDir' is not defined     no-undef
  Line 107:64:  'pendingDir' is not defined     no-undef
  Line 109:5:   'setPendingDir' is not defined  no-undef
  Line 162:19:  'pendingDir' is not defined     no-undef
  Line 173:5:   'setPendingDir' is not defined  no-undef
  Line 189:5:   'setPendingDir' is not defined  no-undef

Search for the keywords to learn more about each error.

webpack compiled with 1 error and 1 warning
Compiling...
Failed to compile.

[eslint] 
src/App.js
  Line 87:7:    'setPendingDir' is not defined  no-undef
  Line 106:19:  'pendingDir' is not defined     no-undef
  Line 106:42:  'pendingDir' is not defined     no-undef
  Line 106:64:  'pendingDir' is not defined     no-undef
  Line 108:5:   'setPendingDir' is not defined  no-undef
  Line 161:19:  'pendingDir' is not defined     no-undef
  Line 172:5:   'setPendingDir' is not defined  no-undef
  Line 188:5:   'setPendingDir' is not defined  no-undef

Search for the keywords to learn more about each error.
WARNING in [eslint] 
src/App.js
  Line 36:10:   'dirQueue' is assigned a value but never used                                                                                                                                                                                               no-unused-vars
  Line 36:20:   'setDirQueue' is assigned a value but never used                                                                                                                                                                                            no-unused-vars
  Line 42:10:   'lastMove' is assigned a value but never used                                                                                                                                                                                               no-unused-vars
  Line 149:23:  Function declared in a loop contains unsafe references to variable(s) 'placed', 'placed'                                                                                                                                                    no-loop-func
  Line 161:6:   React Hook useCallback has an unnecessary dependency: 'pendingDir'. Either exclude it or remove the dependency array. Outer scope values like 'pendingDir' aren't valid dependencies because mutating them doesn't re-render the component  react-hooks/exhaustive-deps

ERROR in [eslint] 
src/App.js
  Line 87:7:    'setPendingDir' is not defined  no-undef
  Line 106:19:  'pendingDir' is not defined     no-undef
  Line 106:42:  'pendingDir' is not defined     no-undef
  Line 106:64:  'pendingDir' is not defined     no-undef
  Line 108:5:   'setPendingDir' is not defined  no-undef
  Line 161:19:  'pendingDir' is not defined     no-undef
  Line 172:5:   'setPendingDir' is not defined  no-undef
  Line 188:5:   'setPendingDir' is not defined  no-undef

Search for the keywords to learn more about each error.

webpack compiled with 1 error and 1 warning
Compiling...
Failed to compile.

[eslint] 
src/App.js
  Line 113:19:  'pendingDir' is not defined     no-undef
  Line 113:42:  'pendingDir' is not defined     no-undef
  Line 113:64:  'pendingDir' is not defined     no-undef
  Line 115:5:   'setPendingDir' is not defined  no-undef
  Line 168:19:  'pendingDir' is not defined     no-undef
  Line 179:5:   'setPendingDir' is not defined  no-undef
  Line 195:5:   'setPendingDir' is not defined  no-undef

Search for the keywords to learn more about each error.
WARNING in [eslint] 
src/App.js
  Line 36:10:   'dirQueue' is assigned a value but never used                                                                                                                                                                                               no-unused-vars
  Line 42:10:   'lastMove' is assigned a value but never used                                                                                                                                                                                               no-unused-vars
  Line 156:23:  Function declared in a loop contains unsafe references to variable(s) 'placed', 'placed'                                                                                                                                                    no-loop-func
  Line 168:6:   React Hook useCallback has an unnecessary dependency: 'pendingDir'. Either exclude it or remove the dependency array. Outer scope values like 'pendingDir' aren't valid dependencies because mutating them doesn't re-render the component  react-hooks/exhaustive-deps

ERROR in [eslint] 
src/App.js
  Line 113:19:  'pendingDir' is not defined     no-undef
  Line 113:42:  'pendingDir' is not defined     no-undef
  Line 113:64:  'pendingDir' is not defined     no-undef
  Line 115:5:   'setPendingDir' is not defined  no-undef
  Line 168:19:  'pendingDir' is not defined     no-undef
  Line 179:5:   'setPendingDir' is not defined  no-undef
  Line 195:5:   'setPendingDir' is not defined  no-undef

Search for the keywords to learn more about each error.

webpack compiled with 1 error and 1 warning
Compiling...
Failed to compile.

[eslint] 
src/App.js
  Line 173:19:  'pendingDir' is not defined     no-undef
  Line 184:5:   'setPendingDir' is not defined  no-undef
  Line 200:5:   'setPendingDir' is not defined  no-undef

Search for the keywords to learn more about each error.
WARNING in [eslint] 
src/App.js
  Line 42:10:   'lastMove' is assigned a value but never used                                                                                                                                                                                        no-unused-vars
  Line 161:23:  Function declared in a loop contains unsafe references to variable(s) 'placed', 'placed'                                                                                                                                             no-loop-func
  Line 173:6:   React Hook useCallback has a missing dependency: 'dirQueue'. Either include it or remove the dependency array. Outer scope values like 'pendingDir' aren't valid dependencies because mutating them doesn't re-render the component  react-hooks/exhaustive-deps

ERROR in [eslint] 
src/App.js
  Line 173:19:  'pendingDir' is not defined     no-undef
  Line 184:5:   'setPendingDir' is not defined  no-undef
  Line 200:5:   'setPendingDir' is not defined  no-undef

Search for the keywords to learn more about each error.

webpack compiled with 1 error and 1 warning
Compiling...
Failed to compile.

[eslint] 
src/App.js
  Line 185:5:  'setPendingDir' is not defined  no-undef
  Line 201:5:  'setPendingDir' is not defined  no-undef

Search for the keywords to learn more about each error.
WARNING in [eslint] 
src/App.js
  Line 42:10:   'lastMove' is assigned a value but never used                                             no-unused-vars
  Line 161:23:  Function declared in a loop contains unsafe references to variable(s) 'placed', 'placed'  no-loop-func

ERROR in [eslint] 
src/App.js
  Line 185:5:  'setPendingDir' is not defined  no-undef
  Line 201:5:  'setPendingDir' is not defined  no-undef

Search for the keywords to learn more about each error.

webpack compiled with 1 error and 1 warning
Compiling...
Failed to compile.

[eslint] 
src/App.js
  Line 201:5:  'setPendingDir' is not defined  no-undef

Search for the keywords to learn more about each error.
WARNING in [eslint] 
src/App.js
  Line 42:10:   'lastMove' is assigned a value but never used                                             no-unused-vars
  Line 161:23:  Function declared in a loop contains unsafe references to variable(s) 'placed', 'placed'  no-loop-func

ERROR in [eslint] 
src/App.js
  Line 201:5:  'setPendingDir' is not defined  no-undef

Search for the keywords to learn more about each error.

webpack compiled with 1 error and 1 warning
Compiling...
Compiled with warnings.

[eslint] 
src/App.js
  Line 42:10:   'lastMove' is assigned a value but never used                                             no-unused-vars
  Line 161:23:  Function declared in a loop contains unsafe references to variable(s) 'placed', 'placed'  no-loop-func

Search for the keywords to learn more about each warning.
To ignore, add // eslint-disable-next-line to the line before.

WARNING in [eslint] 
src/App.js
  Line 42:10:   'lastMove' is assigned a value but never used                                             no-unused-vars
  Line 161:23:  Function declared in a loop contains unsafe references to variable(s) 'placed', 'placed'  no-loop-func

webpack compiled with 1 warning
